# Copyright (c) Facebook, Inc. and its affiliates.
#
# Licensed under the Apache License, Version 2.0 (the "License");
# you may not use this file except in compliance with the License.
# You may obtain a copy of the License at
#
#     http://www.apache.org/licenses/LICENSE-2.0
#
# Unless required by applicable law or agreed to in writing, software
# distributed under the License is distributed on an "AS IS" BASIS,
# WITHOUT WARRANTIES OR CONDITIONS OF ANY KIND, either express or implied.
# See the License for the specific language governing permissions and
# limitations under the License.
id: prefer-find-package
snapshots:
  ? |
    # Complex manual finding with multiple paths
    find_path(FOO_INCLUDE_DIR
        foo.h
        PATHS /usr/include /usr/local/include
        PATH_SUFFIXES foo
    )
    find_library(FOO_LIB
        foo
        PATHS /usr/lib /usr/local/lib
        PATH_SUFFIXES foo
    )
  : labels:
      - source: |-
          find_path(FOO_INCLUDE_DIR
              foo.h
              PATHS /usr/include /usr/local/include
              PATH_SUFFIXES foo
          )
        style: primary
        start: 45
        end: 146
  ? "# Complex manual finding with multiple paths\nfind_path(FOO_INCLUDE_DIR \n    foo.h \n    PATHS /usr/include /usr/local/include\n    PATH_SUFFIXES foo\n)\nfind_library(FOO_LIB\n    foo\n    PATHS /usr/lib /usr/local/lib\n    PATH_SUFFIXES foo\n)"
  : labels:
      - source: "find_path(FOO_INCLUDE_DIR \n    foo.h \n    PATHS /usr/include /usr/local/include\n    PATH_SUFFIXES foo\n)"
        style: primary
        start: 45
        end: 148
  ? |
    # Manual OpenSSL finding
    find_path(OPENSSL_INCLUDE_DIR openssl/ssl.h)
    find_library(OPENSSL_SSL_LIB ssl)
    find_library(OPENSSL_CRYPTO_LIB crypto)
  : labels:
      - source: find_path(OPENSSL_INCLUDE_DIR openssl/ssl.h)
        style: primary
        start: 25
        end: 69
  ? |
    find_library(BOOST_SYSTEM_LIB boost_system)
  : labels:
      - source: find_library(BOOST_SYSTEM_LIB boost_system)
        style: primary
        start: 0
        end: 43
  ? |
    find_library(MATH_LIB m)
    target_link_libraries(calculator PRIVATE ${MATH_LIB})
  : labels:
      - source: find_library(MATH_LIB m)
        style: primary
        start: 0
        end: 24
  ? |
    find_path(BOOST_INCLUDE_DIR boost/version.hpp)
  : labels:
      - source: find_path(BOOST_INCLUDE_DIR boost/version.hpp)
        style: primary
        start: 0
        end: 46
  ? |
    find_path(BOOST_INCLUDE_DIR boost/version.hpp)
    find_library(BOOST_SYSTEM_LIB boost_system)
    find_library(BOOST_FILESYSTEM_LIB boost_filesystem)

    target_include_directories(myapp PRIVATE ${BOOST_INCLUDE_DIR})
    target_link_libraries(myapp PRIVATE ${BOOST_SYSTEM_LIB} ${BOOST_FILESYSTEM_LIB})
  : labels:
      - source: find_path(BOOST_INCLUDE_DIR boost/version.hpp)
        style: primary
        start: 0
        end: 46
