# Copyright (c) Facebook, Inc. and its affiliates.
#
# Licensed under the Apache License, Version 2.0 (the "License");
# you may not use this file except in compliance with the License.
# You may obtain a copy of the License at
#
#     http://www.apache.org/licenses/LICENSE-2.0
#
# Unless required by applicable law or agreed to in writing, software
# distributed under the License is distributed on an "AS IS" BASIS,
# WITHOUT WARRANTIES OR CONDITIONS OF ANY KIND, either express or implied.
# See the License for the specific language governing permissions and
# limitations under the License.
id: wrap-dependencies-with-block
snapshots:
  ? |
    FetchContent_MakeAvailable(glog)
  : labels:
      - source: FetchContent_MakeAvailable(glog)
        style: primary
        start: 0
        end: 32
  ? |
    message(STATUS "Building glog from source")
    FetchContent_Declare(
      glog
      URL ${VELOX_GLOG_SOURCE_URL}
      URL_HASH ${VELOX_GLOG_BUILD_SHA256_CHECKSUM}
      PATCH_COMMAND
        git apply ${CMAKE_CURRENT_LIST_DIR}/glog/glog-no-export.patch && git apply
        ${CMAKE_CURRENT_LIST_DIR}/glog/glog-config.patch SYSTEM
        OVERRIDE_FIND_PACKAGE EXCLUDE_FROM_ALL)

    set(BUILD_SHARED_LIBS ${VELOX_BUILD_SHARED})
    set(WITH_UNWIND OFF)
    set(gflags_NAMESPACE google)
    set(BUILD_TESTING OFF)
    FetchContent_MakeAvailable(glog)
    unset(BUILD_TESTING)
  : labels:
      - source: FetchContent_MakeAvailable(glog)
        style: primary
        start: 469
        end: 501
